// Jest Snapshot v1, https://goo.gl/fbAQLP

exports[`<Header /> renders properly as expected 1`] = `
<nav>
  <header>
    <div
      className="navbar"
    >
      <div>
        <img
          alt="Space X logo"
          className="logo"
          src="planet.png"
        />
      </div>
      <ul
        className="navList"
      >
        <li
          className="navLink"
        >
          <a
            aria-current="page"
            className="active"
            href="/"
            onClick={[Function]}
          >
            Rokets
          </a>
        </li>
        <li
          className="navLink"
        >
          <a
            className=""
            href="/missions"
            onClick={[Function]}
          >
            Missions
          </a>
        </li>
        <li
          className="navLink"
        >
          <a
            className=""
            href="/profile"
            onClick={[Function]}
          >
            Profile
          </a>
        </li>
      </ul>
    </div>
  </header>
</nav>
`;
